2025-12-04T10:14:16.286628Z  INFO influxdb3_lib::commands::serve: InfluxDB 3 Core server starting node_id=node3 git_hash=c967de9a7cd322b3150a2005beb02d1e10186753 version=3.7.0-nightly uuid=190b6f37-49de-48a2-b3b7-1bc7a24f05be num_cpus=10
2025-12-04T10:14:16.286902Z  INFO influxdb3_clap_blocks::object_store: Object Store db_dir="./node3" object_store_type="Directory"
2025-12-04T10:14:16.287770Z  INFO influxdb3_lib::commands::serve: Creating shared query executor num_threads=10
2025-12-04T10:14:16.300092Z  INFO influxdb3_catalog::object_store::versions::v2: catalog not found, creating a new one catalog_uuid=85b8342b-1918-4775-a70d-b7ac9dd4c7ac
2025-12-04T10:14:16.304214Z  INFO influxdb3_catalog::object_store::versions::v2: persisted catalog checkpoint file sequence=0
2025-12-04T10:14:16.304582Z  INFO influxdb3_catalog::catalog::versions::v2::update: create database name="_internal"
2025-12-04T10:14:16.304848Z  INFO influxdb3_catalog::catalog::versions::v2: creating new database database_name="_internal"
2025-12-04T10:14:16.308106Z  INFO influxdb3_catalog::object_store::versions::v2: persisted next catalog sequence put_result=PutResult { e_tag: Some("1cd9af8-6451d9760600d-ed"), version: None } object_path=CatalogFilePath(Path { raw: "node3/catalog/v2/logs/00000000000000000001.catalog" })
2025-12-04T10:14:16.313631Z  INFO influxdb3_catalog::catalog::versions::v2: created internal database
2025-12-04T10:14:16.314477Z  INFO influxdb3_lib::commands::serve: catalog initialized catalog_uuid=85b8342b-1918-4775-a70d-b7ac9dd4c7ac
2025-12-04T10:14:16.314878Z  INFO influxdb3_lib::commands::serve: Initializing table index cache node_id="node3" max_entries=Some(100) concurrency_limit=20
2025-12-04T10:14:16.315183Z  INFO influxdb3_write::table_index_cache: creating table indices from split snapshots
2025-12-04T10:14:16.315947Z  INFO influxdb3_write::table_index_cache: loading all snapshot object metas
2025-12-04T10:14:16.319689Z  INFO influxdb3_write::table_index_cache: Starting table index cache synchronization from object store node_prefix=node3
2025-12-04T10:14:16.320336Z  INFO influxdb3_write::table_index_cache: No table new table indices to be created. duration_ms=0 total_cached=0 indices_updated=0 cache_capacity=Some(100)
2025-12-04T10:14:16.320482Z  INFO influxdb3_write::retention_period_handler: Starting retention period handler background task check_interval_seconds=1800
2025-12-04T10:14:16.320901Z  INFO influxdb3_catalog::catalog::versions::v2::update: register node node_id="node3" core_count=10 mode=[Core] cli_params=Some("{\"data-dir\":\"./node3\",\"object-store\":\"file\",\"node-id\":\"node3\",\"without-auth\":\"*******\",\"http-bind\":\"127.0.0.1:8183\"}")
2025-12-04T10:14:16.321039Z  INFO influxdb3_catalog::catalog::versions::v2::update: registering new node to the catalog node_id="node3" instance_id="05eb71f4-92a7-489d-a0d0-cd0e246be185"
2025-12-04T10:14:16.321631Z  INFO influxdb3_catalog::object_store::versions::v2: persisted next catalog sequence put_result=PutResult { e_tag: Some("1cd9b02-6451d976094da-1fb"), version: None } object_path=CatalogFilePath(Path { raw: "node3/catalog/v2/logs/00000000000000000002.catalog" })
2025-12-04T10:14:16.324049Z  INFO influxdb3_lib::commands::serve: catalog initialized instance_id="05eb71f4-92a7-489d-a0d0-cd0e246be185"
2025-12-04T10:14:16.324138Z  INFO influxdb3_catalog::catalog::versions::v2::update: set gen1 duration duration_ns=600000000000
2025-12-04T10:14:16.324830Z  INFO influxdb3_catalog::object_store::versions::v2: persisted next catalog sequence put_result=PutResult { e_tag: Some("1cd9b0c-6451d9760a14a-b2"), version: None } object_path=CatalogFilePath(Path { raw: "node3/catalog/v2/logs/00000000000000000003.catalog" })
2025-12-04T10:14:16.325379Z  INFO influxdb3_wal::object_store: replaying WAL files
2025-12-04T10:14:16.325673Z  INFO influxdb3_wal::object_store: completed replaying wal files time_taken=295.458µs
2025-12-04T10:14:16.325900Z  INFO influxdb3_lib::commands::serve: setting up background mem check for query buffer
2025-12-04T10:14:16.325980Z  INFO influxdb3_lib::commands::serve: setting up telemetry store
2025-12-04T10:14:16.326025Z  INFO influxdb3_write::deleter: Started catalog hard deleter task. delete_grace_period=86400s
2025-12-04T10:14:16.326463Z  WARN influxdb3_lib::commands::serve: server started without auth (`--without-auth` switch), all token creation and regeneration of admin token endpoints are disabled
2025-12-04T10:14:16.331633Z  WARN executor: DedicatedExecutor dropped without calling shutdown()
2025-12-04T10:14:16.331672Z  WARN executor: DedicatedExecutor dropped without waiting for worker termination
Serve command failed: Failed to bind address
